// Jest Snapshot v1, https://goo.gl/fbAQLP

exports[`correctly handles .toString() 1`] = `"69646"`;

exports[`correctly handles .toString() 2`] = `"69646"`;

exports[`correctly handles .toString() 3`] = `"Maurine"`;

exports[`correctly handles .toString() 4`] = `
Array [
  "{
  user {
    age
    __typename
  }
}
",
  "{
  user {
    name
    __typename
  }
}
",
]
`;

exports[`correctly handles concatenation 1`] = `"Maurine!"`;

exports[`correctly handles concatenation 2`] = `"Maurine!"`;

exports[`correctly handles concatenation 3`] = `69651`;

exports[`correctly handles concatenation 4`] = `
Array [
  "{
  user {
    name
    __typename
  }
}
",
  "{
  user {
    age
    __typename
  }
}
",
]
`;

exports[`correctly handles scalars inside templates 1`] = `"Maurine"`;

exports[`correctly handles scalars inside templates 2`] = `"Maurine"`;

exports[`correctly handles scalars inside templates 3`] = `"69646"`;

exports[`correctly handles scalars inside templates 4`] = `
Array [
  "{
  user {
    name
    __typename
  }
}
",
  "{
  user {
    age
    __typename
  }
}
",
]
`;

exports[`correctly replicates data schematics 1`] = `
Array [
  "id",
  "name",
  "age",
  "b",
  "c",
  "d",
]
`;

exports[`correctly replicates data schematics 2`] = `Array []`;
